// Jest Snapshot v1, https://goo.gl/fbAQLP

exports[`renders correctly 1`] = `
<Text
  style={
    [
      {
        "fontSize": 16,
        "fontWeight": "400",
      },
      {
        "color": "#000",
      },
      undefined,
    ]
  }
>
  Snapshot test!
</Text>
`;
